1736808046.989341 client started (72029): version 3.4, socket /private/tmp/tmux-502/default, protocol 8
1736808046.989403 on Darwin 23.5.0 Darwin Kernel Version 23.5.0: Wed May  1 20:17:33 PDT 2024; root:xnu-10063.121.3~5/RELEASE_ARM64_T6031
1736808046.989413 using libevent 2.1.12-stable select
1736808046.989433 using utf8proc 2.9.0
1736808046.989438 using ncurses 6.5 20240427
1736808046.989452 flags are 0x10010000
1736808046.989457 socket is /private/tmp/tmux-502/default
1736808046.989464 trying connect
1736808046.989503 add peer 0x128008000: 6 (0x0)
1736808046.991206 sending message 100 to peer 0x128008000 (4 bytes)
1736808046.991219 sending message 111 to peer 0x128008000 (8 bytes)
1736808046.991225 sending message 101 to peer 0x128008000 (14 bytes)
1736808046.991230 sending message 109 to peer 0x128008000 (4 bytes)
1736808046.991235 sending message 102 to peer 0x128008000 (13 bytes)
1736808046.991241 sending message 108 to peer 0x128008000 (54 bytes)
1736808046.991246 sending message 112 to peer 0x128008000 (70 bytes)
1736808046.991254 sending message 112 to peer 0x128008000 (5 bytes)
1736808046.991263 sending message 112 to peer 0x128008000 (5 bytes)
1736808046.991269 sending message 112 to peer 0x128008000 (6 bytes)
1736808046.991274 sending message 112 to peer 0x128008000 (6 bytes)
1736808046.991279 sending message 112 to peer 0x128008000 (11 bytes)
1736808046.991284 sending message 112 to peer 0x128008000 (10 bytes)
1736808046.991288 sending message 112 to peer 0x128008000 (13 bytes)
1736808046.991293 sending message 112 to peer 0x128008000 (13 bytes)
1736808046.991298 sending message 112 to peer 0x128008000 (18 bytes)
1736808046.991303 sending message 112 to peer 0x128008000 (11 bytes)
1736808046.991307 sending message 112 to peer 0x128008000 (10 bytes)
1736808046.991312 sending message 112 to peer 0x128008000 (15 bytes)
1736808046.991317 sending message 112 to peer 0x128008000 (21 bytes)
1736808046.991322 sending message 112 to peer 0x128008000 (13 bytes)
1736808046.991326 sending message 112 to peer 0x128008000 (7 bytes)
1736808046.991331 sending message 112 to peer 0x128008000 (13 bytes)
1736808046.991336 sending message 112 to peer 0x128008000 (7 bytes)
1736808046.991341 sending message 112 to peer 0x128008000 (13 bytes)
1736808046.991346 sending message 112 to peer 0x128008000 (9 bytes)
1736808046.991351 sending message 112 to peer 0x128008000 (21 bytes)
1736808046.991356 sending message 112 to peer 0x128008000 (13 bytes)
1736808046.991361 sending message 112 to peer 0x128008000 (8 bytes)
1736808046.991366 sending message 112 to peer 0x128008000 (12 bytes)
1736808046.991371 sending message 112 to peer 0x128008000 (13 bytes)
1736808046.991376 sending message 112 to peer 0x128008000 (9 bytes)
1736808046.991380 sending message 112 to peer 0x128008000 (9 bytes)
1736808046.991385 sending message 112 to peer 0x128008000 (12 bytes)
1736808046.991389 sending message 112 to peer 0x128008000 (8 bytes)
1736808046.991394 sending message 112 to peer 0x128008000 (8 bytes)
1736808046.991398 sending message 112 to peer 0x128008000 (7 bytes)
1736808046.991403 sending message 112 to peer 0x128008000 (7 bytes)
1736808046.991408 sending message 112 to peer 0x128008000 (9 bytes)
1736808046.991413 sending message 112 to peer 0x128008000 (13 bytes)
1736808046.991417 sending message 112 to peer 0x128008000 (6 bytes)
1736808046.991422 sending message 112 to peer 0x128008000 (9 bytes)
1736808046.991426 sending message 112 to peer 0x128008000 (15 bytes)
1736808046.991431 sending message 112 to peer 0x128008000 (13 bytes)
1736808046.991435 sending message 112 to peer 0x128008000 (12 bytes)
1736808046.991440 sending message 112 to peer 0x128008000 (8 bytes)
1736808046.991445 sending message 112 to peer 0x128008000 (14 bytes)
1736808046.991449 sending message 112 to peer 0x128008000 (11 bytes)
1736808046.991454 sending message 112 to peer 0x128008000 (9 bytes)
1736808046.991458 sending message 112 to peer 0x128008000 (10 bytes)
1736808046.991463 sending message 112 to peer 0x128008000 (10 bytes)
1736808046.991468 sending message 112 to peer 0x128008000 (10 bytes)
1736808046.991494 sending message 112 to peer 0x128008000 (10 bytes)
1736808046.991497 sending message 112 to peer 0x128008000 (11 bytes)
1736808046.991501 sending message 112 to peer 0x128008000 (12 bytes)
1736808046.991504 sending message 112 to peer 0x128008000 (12 bytes)
1736808046.991507 sending message 112 to peer 0x128008000 (12 bytes)
1736808046.991511 sending message 112 to peer 0x128008000 (12 bytes)
1736808046.991514 sending message 112 to peer 0x128008000 (12 bytes)
1736808046.991517 sending message 112 to peer 0x128008000 (11 bytes)
1736808046.991521 sending message 112 to peer 0x128008000 (11 bytes)
1736808046.991524 sending message 112 to peer 0x128008000 (12 bytes)
1736808046.991528 sending message 112 to peer 0x128008000 (12 bytes)
1736808046.991531 sending message 112 to peer 0x128008000 (12 bytes)
1736808046.991534 sending message 112 to peer 0x128008000 (12 bytes)
1736808046.991538 sending message 112 to peer 0x128008000 (12 bytes)
1736808046.991541 sending message 112 to peer 0x128008000 (10 bytes)
1736808046.991545 sending message 112 to peer 0x128008000 (12 bytes)
1736808046.991548 sending message 112 to peer 0x128008000 (13 bytes)
1736808046.991552 sending message 112 to peer 0x128008000 (13 bytes)
1736808046.991557 sending message 112 to peer 0x128008000 (13 bytes)
1736808046.991561 sending message 112 to peer 0x128008000 (13 bytes)
1736808046.991565 sending message 112 to peer 0x128008000 (13 bytes)
1736808046.991569 sending message 112 to peer 0x128008000 (8 bytes)
1736808046.991572 sending message 112 to peer 0x128008000 (11 bytes)
1736808046.991577 sending message 112 to peer 0x128008000 (11 bytes)
1736808046.991580 sending message 112 to peer 0x128008000 (11 bytes)
1736808046.991584 sending message 112 to peer 0x128008000 (12 bytes)
1736808046.991587 sending message 112 to peer 0x128008000 (12 bytes)
1736808046.991591 sending message 112 to peer 0x128008000 (12 bytes)
1736808046.991596 sending message 112 to peer 0x128008000 (12 bytes)
1736808046.991601 sending message 112 to peer 0x128008000 (13 bytes)
1736808046.991605 sending message 112 to peer 0x128008000 (13 bytes)
1736808046.991610 sending message 112 to peer 0x128008000 (13 bytes)
1736808046.991614 sending message 112 to peer 0x128008000 (8 bytes)
1736808046.991618 sending message 112 to peer 0x128008000 (13 bytes)
1736808046.991622 sending message 112 to peer 0x128008000 (13 bytes)
1736808046.991626 sending message 112 to peer 0x128008000 (13 bytes)
1736808046.991629 sending message 112 to peer 0x128008000 (13 bytes)
1736808046.991633 sending message 112 to peer 0x128008000 (13 bytes)
1736808046.991637 sending message 112 to peer 0x128008000 (12 bytes)
1736808046.991640 sending message 112 to peer 0x128008000 (12 bytes)
1736808046.991643 sending message 112 to peer 0x128008000 (12 bytes)
1736808046.991646 sending message 112 to peer 0x128008000 (12 bytes)
1736808046.991649 sending message 112 to peer 0x128008000 (13 bytes)
1736808046.991653 sending message 112 to peer 0x128008000 (8 bytes)
1736808046.991656 sending message 112 to peer 0x128008000 (13 bytes)
1736808046.991659 sending message 112 to peer 0x128008000 (13 bytes)
1736808046.991663 sending message 112 to peer 0x128008000 (13 bytes)
1736808046.991666 sending message 112 to peer 0x128008000 (13 bytes)
1736808046.991669 sending message 112 to peer 0x128008000 (13 bytes)
1736808046.991672 sending message 112 to peer 0x128008000 (13 bytes)
1736808046.991675 sending message 112 to peer 0x128008000 (13 bytes)
1736808046.991679 sending message 112 to peer 0x128008000 (12 bytes)
1736808046.991682 sending message 112 to peer 0x128008000 (12 bytes)
1736808046.991685 sending message 112 to peer 0x128008000 (12 bytes)
1736808046.991688 sending message 112 to peer 0x128008000 (8 bytes)
1736808046.991691 sending message 112 to peer 0x128008000 (12 bytes)
1736808046.991694 sending message 112 to peer 0x128008000 (13 bytes)
1736808046.991698 sending message 112 to peer 0x128008000 (13 bytes)
1736808046.991701 sending message 112 to peer 0x128008000 (13 bytes)
1736808046.991704 sending message 112 to peer 0x128008000 (13 bytes)
1736808046.991714 sending message 112 to peer 0x128008000 (13 bytes)
1736808046.991717 sending message 112 to peer 0x128008000 (13 bytes)
1736808046.991720 sending message 112 to peer 0x128008000 (13 bytes)
1736808046.991724 sending message 112 to peer 0x128008000 (13 bytes)
1736808046.991727 sending message 112 to peer 0x128008000 (12 bytes)
1736808046.991730 sending message 112 to peer 0x128008000 (10 bytes)
1736808046.991734 sending message 112 to peer 0x128008000 (12 bytes)
1736808046.991737 sending message 112 to peer 0x128008000 (12 bytes)
1736808046.991740 sending message 112 to peer 0x128008000 (12 bytes)
1736808046.991743 sending message 112 to peer 0x128008000 (13 bytes)
1736808046.991747 sending message 112 to peer 0x128008000 (13 bytes)
1736808046.991750 sending message 112 to peer 0x128008000 (13 bytes)
1736808046.991753 sending message 112 to peer 0x128008000 (13 bytes)
1736808046.991756 sending message 112 to peer 0x128008000 (13 bytes)
1736808046.991759 sending message 112 to peer 0x128008000 (13 bytes)
1736808046.991763 sending message 112 to peer 0x128008000 (13 bytes)
1736808046.991766 sending message 112 to peer 0x128008000 (10 bytes)
1736808046.991769 sending message 112 to peer 0x128008000 (13 bytes)
1736808046.991772 sending message 112 to peer 0x128008000 (12 bytes)
1736808046.991776 sending message 112 to peer 0x128008000 (12 bytes)
1736808046.991779 sending message 112 to peer 0x128008000 (12 bytes)
1736808046.991782 sending message 112 to peer 0x128008000 (10 bytes)
1736808046.991785 sending message 112 to peer 0x128008000 (10 bytes)
1736808046.991788 sending message 112 to peer 0x128008000 (10 bytes)
1736808046.991792 sending message 112 to peer 0x128008000 (12 bytes)
1736808046.991795 sending message 112 to peer 0x128008000 (13 bytes)
1736808046.991798 sending message 112 to peer 0x128008000 (13 bytes)
1736808046.991801 sending message 112 to peer 0x128008000 (13 bytes)
1736808046.991805 sending message 112 to peer 0x128008000 (13 bytes)
1736808046.991808 sending message 112 to peer 0x128008000 (13 bytes)
1736808046.991811 sending message 112 to peer 0x128008000 (11 bytes)
1736808046.991814 sending message 112 to peer 0x128008000 (11 bytes)
1736808046.991818 sending message 112 to peer 0x128008000 (12 bytes)
1736808046.991821 sending message 112 to peer 0x128008000 (12 bytes)
1736808046.991824 sending message 112 to peer 0x128008000 (12 bytes)
1736808046.991828 sending message 112 to peer 0x128008000 (12 bytes)
1736808046.991831 sending message 112 to peer 0x128008000 (12 bytes)
1736808046.991835 sending message 112 to peer 0x128008000 (11 bytes)
1736808046.991838 sending message 112 to peer 0x128008000 (12 bytes)
1736808046.991841 sending message 112 to peer 0x128008000 (12 bytes)
1736808046.991845 sending message 112 to peer 0x128008000 (13 bytes)
1736808046.991849 sending message 112 to peer 0x128008000 (13 bytes)
1736808046.991852 sending message 112 to peer 0x128008000 (13 bytes)
1736808046.991855 sending message 112 to peer 0x128008000 (13 bytes)
1736808046.991858 sending message 112 to peer 0x128008000 (13 bytes)
1736808046.991861 sending message 112 to peer 0x128008000 (10 bytes)
1736808046.991865 sending message 112 to peer 0x128008000 (9 bytes)
1736808046.991868 sending message 112 to peer 0x128008000 (12 bytes)
1736808046.991871 sending message 112 to peer 0x128008000 (13 bytes)
1736808046.991874 sending message 112 to peer 0x128008000 (13 bytes)
1736808046.991877 sending message 112 to peer 0x128008000 (13 bytes)
1736808046.991880 sending message 112 to peer 0x128008000 (13 bytes)
1736808046.991884 sending message 112 to peer 0x128008000 (13 bytes)
1736808046.991887 sending message 112 to peer 0x128008000 (9 bytes)
1736808046.991890 sending message 112 to peer 0x128008000 (12 bytes)
1736808046.991893 sending message 112 to peer 0x128008000 (13 bytes)
1736808046.991896 sending message 112 to peer 0x128008000 (13 bytes)
1736808046.991899 sending message 112 to peer 0x128008000 (13 bytes)
1736808046.991903 sending message 112 to peer 0x128008000 (13 bytes)
1736808046.991911 sending message 112 to peer 0x128008000 (13 bytes)
1736808046.991914 sending message 112 to peer 0x128008000 (11 bytes)
1736808046.991917 sending message 112 to peer 0x128008000 (12 bytes)
1736808046.991920 sending message 112 to peer 0x128008000 (13 bytes)
1736808046.991924 sending message 112 to peer 0x128008000 (13 bytes)
1736808046.991927 sending message 112 to peer 0x128008000 (13 bytes)
1736808046.991930 sending message 112 to peer 0x128008000 (13 bytes)
1736808046.991933 sending message 112 to peer 0x128008000 (13 bytes)
1736808046.991937 sending message 112 to peer 0x128008000 (11 bytes)
1736808046.991940 sending message 112 to peer 0x128008000 (12 bytes)
1736808046.991943 sending message 112 to peer 0x128008000 (12 bytes)
1736808046.991946 sending message 112 to peer 0x128008000 (12 bytes)
1736808046.991949 sending message 112 to peer 0x128008000 (12 bytes)
1736808046.991952 sending message 112 to peer 0x128008000 (12 bytes)
1736808046.991956 sending message 112 to peer 0x128008000 (21 bytes)
1736808046.991959 sending message 112 to peer 0x128008000 (12 bytes)
1736808046.991962 sending message 112 to peer 0x128008000 (9 bytes)
1736808046.991965 sending message 112 to peer 0x128008000 (6 bytes)
1736808046.991969 sending message 112 to peer 0x128008000 (13 bytes)
1736808046.991972 sending message 112 to peer 0x128008000 (8 bytes)
1736808046.991975 sending message 112 to peer 0x128008000 (15 bytes)
1736808046.991978 sending message 112 to peer 0x128008000 (13 bytes)
1736808046.991982 sending message 112 to peer 0x128008000 (9 bytes)
1736808046.991985 sending message 112 to peer 0x128008000 (70 bytes)
1736808046.991988 sending message 112 to peer 0x128008000 (69 bytes)
1736808046.991991 sending message 112 to peer 0x128008000 (10 bytes)
1736808046.991995 sending message 112 to peer 0x128008000 (10 bytes)
1736808046.991998 sending message 112 to peer 0x128008000 (8 bytes)
1736808046.992002 sending message 112 to peer 0x128008000 (15 bytes)
1736808046.992005 sending message 112 to peer 0x128008000 (13 bytes)
1736808046.992008 sending message 112 to peer 0x128008000 (10 bytes)
1736808046.992011 sending message 112 to peer 0x128008000 (10 bytes)
1736808046.992014 sending message 112 to peer 0x128008000 (17 bytes)
1736808046.992018 sending message 112 to peer 0x128008000 (10 bytes)
1736808046.992021 sending message 112 to peer 0x128008000 (13 bytes)
1736808046.992024 sending message 112 to peer 0x128008000 (9 bytes)
1736808046.992028 sending message 112 to peer 0x128008000 (5 bytes)
1736808046.992032 sending message 112 to peer 0x128008000 (15 bytes)
1736808046.992038 sending message 104 to peer 0x128008000 (0 bytes)
1736808046.992043 sending message 110 to peer 0x128008000 (0 bytes)
1736808046.992046 sending message 107 to peer 0x128008000 (4 bytes)
1736808046.992049 sending message 105 to peer 0x128008000 (20 bytes)
1736808046.992052 sending message 105 to peer 0x128008000 (22 bytes)
1736808046.992056 sending message 105 to peer 0x128008000 (64 bytes)
1736808046.992059 sending message 105 to peer 0x128008000 (57 bytes)
1736808046.992062 sending message 105 to peer 0x128008000 (75 bytes)
1736808046.992065 sending message 105 to peer 0x128008000 (36 bytes)
1736808046.992068 sending message 105 to peer 0x128008000 (18 bytes)
1736808046.992072 sending message 105 to peer 0x128008000 (37 bytes)
1736808046.992075 sending message 105 to peer 0x128008000 (30 bytes)
1736808046.992078 sending message 105 to peer 0x128008000 (34 bytes)
1736808046.992081 sending message 105 to peer 0x128008000 (60 bytes)
1736808046.992084 sending message 105 to peer 0x128008000 (17 bytes)
1736808046.992087 sending message 105 to peer 0x128008000 (8 bytes)
1736808046.992091 sending message 105 to peer 0x128008000 (14 bytes)
1736808046.992094 sending message 105 to peer 0x128008000 (32 bytes)
1736808046.992097 sending message 105 to peer 0x128008000 (96 bytes)
1736808046.992100 sending message 105 to peer 0x128008000 (278 bytes)
1736808046.992104 sending message 105 to peer 0x128008000 (53 bytes)
1736808046.992116 sending message 105 to peer 0x128008000 (16 bytes)
1736808046.992120 sending message 105 to peer 0x128008000 (26 bytes)
1736808046.992123 sending message 105 to peer 0x128008000 (35 bytes)
1736808046.992126 sending message 105 to peer 0x128008000 (11 bytes)
1736808046.992130 sending message 105 to peer 0x128008000 (1955 bytes)
1736808046.992133 sending message 105 to peer 0x128008000 (58 bytes)
1736808046.992137 sending message 105 to peer 0x128008000 (15 bytes)
1736808046.992140 sending message 105 to peer 0x128008000 (8 bytes)
1736808046.992143 sending message 105 to peer 0x128008000 (66 bytes)
1736808046.992146 sending message 105 to peer 0x128008000 (19 bytes)
1736808046.992150 sending message 105 to peer 0x128008000 (63 bytes)
1736808046.992153 sending message 105 to peer 0x128008000 (18 bytes)
1736808046.992156 sending message 105 to peer 0x128008000 (25 bytes)
1736808046.992159 sending message 105 to peer 0x128008000 (57 bytes)
1736808046.992162 sending message 105 to peer 0x128008000 (43 bytes)
1736808046.992166 sending message 105 to peer 0x128008000 (13 bytes)
1736808046.992169 sending message 105 to peer 0x128008000 (11 bytes)
1736808046.992172 sending message 105 to peer 0x128008000 (98 bytes)
1736808046.992175 sending message 105 to peer 0x128008000 (14 bytes)
1736808046.992183 sending message 105 to peer 0x128008000 (19 bytes)
1736808046.992187 sending message 105 to peer 0x128008000 (28 bytes)
1736808046.992190 sending message 105 to peer 0x128008000 (43 bytes)
1736808046.992193 sending message 105 to peer 0x128008000 (32 bytes)
1736808046.992197 sending message 105 to peer 0x128008000 (70 bytes)
1736808046.992200 sending message 105 to peer 0x128008000 (19 bytes)
1736808046.992203 sending message 105 to peer 0x128008000 (38 bytes)
1736808046.992206 sending message 105 to peer 0x128008000 (32 bytes)
1736808046.992209 sending message 105 to peer 0x128008000 (46 bytes)
1736808046.992212 sending message 105 to peer 0x128008000 (28 bytes)
1736808046.992216 sending message 105 to peer 0x128008000 (54 bytes)
1736808046.992219 sending message 105 to peer 0x128008000 (55 bytes)
1736808046.992222 sending message 105 to peer 0x128008000 (59 bytes)
1736808046.992225 sending message 105 to peer 0x128008000 (53 bytes)
1736808046.992228 sending message 105 to peer 0x128008000 (57 bytes)
1736808046.992232 sending message 105 to peer 0x128008000 (63 bytes)
1736808046.992235 sending message 105 to peer 0x128008000 (16 bytes)
1736808046.992238 sending message 105 to peer 0x128008000 (23 bytes)
1736808046.992241 sending message 105 to peer 0x128008000 (286 bytes)
1736808046.992245 sending message 105 to peer 0x128008000 (180 bytes)
1736808046.992248 sending message 105 to peer 0x128008000 (50 bytes)
1736808046.992251 sending message 105 to peer 0x128008000 (70 bytes)
1736808046.992255 sending message 105 to peer 0x128008000 (29 bytes)
1736808046.992259 sending message 105 to peer 0x128008000 (25 bytes)
1736808046.992262 sending message 106 to peer 0x128008000 (0 bytes)
1736808046.992346 sending message 200 to peer 0x128008000 (4 bytes)
1736808046.992351 client loop enter
1736808046.992579 peer 0x128008000 message 303
1736808046.992597 open write file 2 -
1736808046.992625 sending message 305 to peer 0x128008000 (8 bytes)
1736808046.992636 write check file 2
1736808046.992674 peer 0x128008000 message 304
1736808046.992680 write 58 to file 2
1736808046.992692 peer 0x128008000 message 203
1736808046.992699 file 2 58 bytes left
1736808046.992713 write check file 2
1736808046.992718 client loop exit
